{"replace":{"/Users/tenntenn/repos/tenntenn/mocknn/internal/overlay/testdata/src/normal/a.go":"a.go"}}
